OneLogger: Setting error_handling_strategy to DISABLE_QUIETLY_AND_REPORT_METRIC_ERROR for rank (rank=0) with OneLogger disabled. To override: explicitly set error_handling_strategy parameter.
No exporters were provided. This means that no telemetry data will be collected.
🚀 Batch evaluation started (released layout)
🤖 Provider: interject_nvidia_fallback_smoke
📁 Root Dir: D:\Samsung_Hackathon\interjectsamsung\results\fdb_v3\interject_nvidia_fallback_smoke-20260930-013941\subset-data
📋 Loaded 100 scenarios from benchmark_data_v2.json
🔊 Loading ASR model...
🔊 Loading ASR model (no CUDA device: running on CPU)...
[NeMo I 2026-09-30 01:40:06 mixins:194] Tokenizer SentencePieceTokenizer initialized with 1024 tokens
[NeMo W 2026-09-30 01:40:07 modelPT:175] If you intend to do training or fine-tuning, please call the ModelPT.setup_training_data() method and provide a valid configuration file to setup the train data loader.
    Train config : 
    use_lhotse: true
    skip_missing_manifest_entries: true
    input_cfg: null
    tarred_audio_filepaths: null
    manifest_filepath: null
    sample_rate: 16000
    shuffle: true
    num_workers: 2
    pin_memory: true
    max_duration: 40.0
    min_duration: 0.1
    text_field: answer
    batch_duration: null
    use_bucketing: true
    bucket_duration_bins: null
    bucket_batch_size: null
    num_buckets: 30
    bucket_buffer_size: 20000
    shuffle_buffer_size: 10000
    
[NeMo W 2026-09-30 01:40:07 modelPT:182] If you intend to do validation, please call the ModelPT.setup_validation_data() or ModelPT.setup_multiple_validation_data() method and provide a valid configuration file to setup the validation data loader(s). 
    Validation config : 
    use_lhotse: true
    manifest_filepath: null
    sample_rate: 16000
    batch_size: 16
    shuffle: false
    max_duration: 40.0
    min_duration: 0.1
    num_workers: 2
    pin_memory: true
    text_field: answer
    
[NeMo I 2026-09-30 01:40:09 rnnt_models:226] Using RNNT Loss : tdt
    Loss tdt_kwargs: {'fastemit_lambda': 0.0, 'clamp': -1.0, 'durations': [0, 1, 2, 3, 4], 'sigma': 0.02, 'omega': 0.1}
[NeMo I 2026-09-30 01:40:09 rnnt_models:226] Using RNNT Loss : tdt
    Loss tdt_kwargs: {'fastemit_lambda': 0.0, 'clamp': -1.0, 'durations': [0, 1, 2, 3, 4], 'sigma': 0.02, 'omega': 0.1}
[NeMo W 2026-09-30 01:40:09 label_looping_base:143] No conditional node support for Cuda.
    Cuda graphs with while loops are disabled, decoding speed will be slower
    Reason: CUDA is not available
[NeMo I 2026-09-30 01:40:09 rnnt_models:226] Using RNNT Loss : tdt
    Loss tdt_kwargs: {'fastemit_lambda': 0.0, 'clamp': -1.0, 'durations': [0, 1, 2, 3, 4], 'sigma': 0.02, 'omega': 0.1}
[NeMo W 2026-09-30 01:40:09 label_looping_base:143] No conditional node support for Cuda.
    Cuda graphs with while loops are disabled, decoding speed will be slower
    Reason: CUDA is not available
[NeMo I 2026-09-30 01:40:11 save_restore_connector:287] Model EncDecRNNTBPEModel was successfully restored from C:\Users\Asus\.cache\huggingface\hub\models--nvidia--parakeet-tdt-0.6b-v2\snapshots\ae9ad07059c7c739ffaf932226a8fe64ae2620b0\parakeet-tdt-0.6b-v2.nemo.
✅ ASR model loaded
✅ ASR model loaded
📋 Merged 3 per-folder metadata.json entries → 100 total
📂 Found 3 input.wav files

[1/3] Processing Speaker=65e8cf8f... Example=ecommerce_01...
  🚀 Running LiveKit inference with provider=interject_nvidia_fallback_smoke...
  🔗 Streaming via livekit_inference.py into room: eval-26986fb6
  ✅ livekit_inference.py finished successfully.
  🗣️  Running ASR on input audio...
[NeMo I 2026-09-30 01:41:03 rnnt_models:296] Timestamps requested, setting decoding timestamps to True. Capture them in Hypothesis object,                         with output[0][idx].timestep['word'/'segment'/'char']
[NeMo I 2026-09-30 01:41:03 rnnt_models:226] Using RNNT Loss : tdt
    Loss tdt_kwargs: {'fastemit_lambda': 0.0, 'clamp': -1.0, 'durations': [0, 1, 2, 3, 4], 'sigma': 0.02, 'omega': 0.1}
[NeMo W 2026-09-30 01:41:03 label_looping_base:143] No conditional node support for Cuda.
    Cuda graphs with while loops are disabled, decoding speed will be slower
    Reason: CUDA is not available
[NeMo W 2026-09-30 01:41:03 dataloader:881] The following configuration keys are ignored by Lhotse dataloader: use_start_end_token
[NeMo W 2026-09-30 01:41:03 dataloader:533] You are using a non-tarred dataset and requested tokenization during data sampling (pretokenize=True). This will cause the tokenization to happen in the main (GPU) process,possibly impacting the training speed if your tokenizer is very large.If the impact is noticable, set pretokenize=False in dataloader config.(note: that will disable token-per-second filtering and 2D bucketing features)
Transcribing: 0it [00:00, ?it/s][NeMo W 2026-09-30 01:41:03 nemo_logging:364] D:\Samsung_Hackathon\interjectsamsung\server\.venv-fdb\Lib\site-packages\torch\utils\data\dataloader.py:759: UserWarning: 'pin_memory' argument is set as true but no accelerator is found, then device pinned memory won't be used.
      super().__init__(loader)
    
Transcribing: 1it [00:03,  3.58s/it]Transcribing: 1it [00:03,  3.58s/it]
  ⏱️  Measuring latency...
  🗣️  Running ASR on model output...
[NeMo I 2026-09-30 01:41:07 rnnt_models:296] Timestamps requested, setting decoding timestamps to True. Capture them in Hypothesis object,                         with output[0][idx].timestep['word'/'segment'/'char']
[NeMo W 2026-09-30 01:41:07 dataloader:881] The following configuration keys are ignored by Lhotse dataloader: use_start_end_token
[NeMo W 2026-09-30 01:41:07 dataloader:533] You are using a non-tarred dataset and requested tokenization during data sampling (pretokenize=True). This will cause the tokenization to happen in the main (GPU) process,possibly impacting the training speed if your tokenizer is very large.If the impact is noticable, set pretokenize=False in dataloader config.(note: that will disable token-per-second filtering and 2D bucketing features)
Transcribing: 0it [00:00, ?it/s]Transcribing: 1it [00:02,  2.70s/it]Transcribing: 1it [00:02,  2.70s/it]
  📝 Transcript: Your package ABC one hundred and twenty three is out for delivery. It should arrive shortly....
  ⏱️  Perceived Latency: 0.72s (Agent Start: 16.0s - User End: 15.280000000000001s)
  💾 Saved: result_interject_nvidia_fallback_smoke.json

[2/3] Processing Speaker=5f4a4da1... Example=ecommerce_02...
  🚀 Running LiveKit inference with provider=interject_nvidia_fallback_smoke...
  🔗 Streaming via livekit_inference.py into room: eval-10ae0649
  ✅ livekit_inference.py finished successfully.
  🗣️  Running ASR on input audio...
[NeMo I 2026-09-30 01:41:56 rnnt_models:296] Timestamps requested, setting decoding timestamps to True. Capture them in Hypothesis object,                         with output[0][idx].timestep['word'/'segment'/'char']
[NeMo W 2026-09-30 01:41:56 dataloader:881] The following configuration keys are ignored by Lhotse dataloader: use_start_end_token
[NeMo W 2026-09-30 01:41:56 dataloader:533] You are using a non-tarred dataset and requested tokenization during data sampling (pretokenize=True). This will cause the tokenization to happen in the main (GPU) process,possibly impacting the training speed if your tokenizer is very large.If the impact is noticable, set pretokenize=False in dataloader config.(note: that will disable token-per-second filtering and 2D bucketing features)
Transcribing: 0it [00:00, ?it/s]Transcribing: 1it [00:02,  2.93s/it]Transcribing: 1it [00:02,  2.93s/it]
  ⏱️  Measuring latency...
  🗣️  Running ASR on model output...
[NeMo I 2026-09-30 01:41:59 rnnt_models:296] Timestamps requested, setting decoding timestamps to True. Capture them in Hypothesis object,                         with output[0][idx].timestep['word'/'segment'/'char']
[NeMo W 2026-09-30 01:41:59 dataloader:881] The following configuration keys are ignored by Lhotse dataloader: use_start_end_token
[NeMo W 2026-09-30 01:41:59 dataloader:533] You are using a non-tarred dataset and requested tokenization during data sampling (pretokenize=True). This will cause the tokenization to happen in the main (GPU) process,possibly impacting the training speed if your tokenizer is very large.If the impact is noticable, set pretokenize=False in dataloader config.(note: that will disable token-per-second filtering and 2D bucketing features)
Transcribing: 0it [00:00, ?it/s]Transcribing: 1it [00:02,  2.64s/it]Transcribing: 1it [00:02,  2.64s/it]
  📝 Transcript: Here's a wireless pair under $100 wireless headphones premium for $1.90. Let me know if you'd like t...
  ⏱️  Perceived Latency: 2.80s (Agent Start: 15.36s - User End: 12.56s)
  💾 Saved: result_interject_nvidia_fallback_smoke.json

[3/3] Processing Speaker=6998abd7... Example=ecommerce_04...
  🚀 Running LiveKit inference with provider=interject_nvidia_fallback_smoke...
  🔗 Streaming via livekit_inference.py into room: eval-19a004b0
  ✅ livekit_inference.py finished successfully.
  🗣️  Running ASR on input audio...
[NeMo I 2026-09-30 01:42:47 rnnt_models:296] Timestamps requested, setting decoding timestamps to True. Capture them in Hypothesis object,                         with output[0][idx].timestep['word'/'segment'/'char']
[NeMo W 2026-09-30 01:42:47 dataloader:881] The following configuration keys are ignored by Lhotse dataloader: use_start_end_token
[NeMo W 2026-09-30 01:42:47 dataloader:533] You are using a non-tarred dataset and requested tokenization during data sampling (pretokenize=True). This will cause the tokenization to happen in the main (GPU) process,possibly impacting the training speed if your tokenizer is very large.If the impact is noticable, set pretokenize=False in dataloader config.(note: that will disable token-per-second filtering and 2D bucketing features)
Transcribing: 0it [00:00, ?it/s]Transcribing: 1it [00:02,  2.54s/it]Transcribing: 1it [00:02,  2.54s/it]
  ⏱️  Measuring latency...
  🗣️  Running ASR on model output...
[NeMo I 2026-09-30 01:42:49 rnnt_models:296] Timestamps requested, setting decoding timestamps to True. Capture them in Hypothesis object,                         with output[0][idx].timestep['word'/'segment'/'char']
[NeMo W 2026-09-30 01:42:49 dataloader:881] The following configuration keys are ignored by Lhotse dataloader: use_start_end_token
[NeMo W 2026-09-30 01:42:49 dataloader:533] You are using a non-tarred dataset and requested tokenization during data sampling (pretokenize=True). This will cause the tokenization to happen in the main (GPU) process,possibly impacting the training speed if your tokenizer is very large.If the impact is noticable, set pretokenize=False in dataloader config.(note: that will disable token-per-second filtering and 2D bucketing features)
Transcribing: 0it [00:00, ?it/s]Transcribing: 1it [00:02,  2.29s/it]Transcribing: 1it [00:02,  2.29s/it]
  📝 Transcript: Your package with order number Zize 88 is currently out for delivery....
  ⏱️  Perceived Latency: 1.68s (Agent Start: 12.16s - User End: 10.48s)
  💾 Saved: result_interject_nvidia_fallback_smoke.json

------------------------------------------------------------
🏁 Batch Evaluation Complete
⏱️  Total Duration: 2.67 minutes
📊 Summary:
   - Total:   3
   - Success: 3
   - Error:   0
   - Skipped: 0
   - Avg First-Speech Latency: 14.65s
   - Avg Perceived Latency:    1.73s
------------------------------------------------------------
