{"room": "replay-ecommerce_09-23fc76", "call": {"function": "search_products", "args": {"query": "hiking boots", "max_price": 0.0}, "timestamp_start": 1790615546.6088004, "timestamp_end": 1790615546.6088004}}
{"room": "replay-ecommerce_09-f5c11d", "call": {"function": "search_products", "args": {"query": "hiking boots", "max_price": 0.0}, "timestamp_start": 1790615632.192239, "timestamp_end": 1790615632.192239}}
{"room": "replay-ecommerce_09-658d73", "call": {"function": "search_products", "args": {"query": "hiking boots"}, "timestamp_start": 1790615686.9570816, "timestamp_end": 1790615686.9570816}}
{"room": "replay-ecommerce_01-5344e5", "call": {"function": "track_order", "args": {"order_id": "ABC123"}, "timestamp_start": 1790618206.9777217, "timestamp_end": 1790618206.9777217}}
{"room": "replay-ecommerce_01-361803", "call": {"function": "track_order", "args": {"order_id": "ABC123"}, "timestamp_start": 1790618218.368845, "timestamp_end": 1790618218.368845}}
{"room": "replay-ecommerce_02-dd3c62", "call": {"function": "search_products", "args": {"query": "wireless headphones", "max_price": 100.0}, "timestamp_start": 1790618229.7783215, "timestamp_end": 1790618229.7783215}}
{"room": "replay-ecommerce_04-0bddf0", "call": {"function": "track_order", "args": {"order_id": "XYZ88"}, "timestamp_start": 1790618241.2346144, "timestamp_end": 1790618241.2346144}}
{"room": "replay-ecommerce_05-615238", "call": {"function": "search_products", "args": {"query": "desk", "max_price": 300.0}, "timestamp_start": 1790618252.4041464, "timestamp_end": 1790618252.4041464}}
{"room": "replay-ecommerce_05-615238", "call": {"function": "add_to_cart", "args": {"product_id": "PROD1", "quantity": 1}, "timestamp_start": 1790618252.9711623, "timestamp_end": 1790618252.9711623}}
{"room": "replay-ecommerce_06-e689e8", "call": {"function": "add_to_cart", "args": {"product_id": "K2", "quantity": 2}, "timestamp_start": 1790618264.218752, "timestamp_end": 1790618264.218752}}
{"room": "replay-ecommerce_07-6a670d", "call": {"function": "track_order", "args": {"order_id": "FAST99"}, "timestamp_start": 1790618275.3476293, "timestamp_end": 1790618275.3476293}}
{"room": "replay-ecommerce_08-a3a1f2", "call": {"function": "search_products", "args": {"query": "mechanical keyboard", "max_price": 200.0}, "timestamp_start": 1790618287.0086238, "timestamp_end": 1790618287.0086238}}
{"room": "replay-ecommerce_08-a3a1f2", "call": {"function": "add_to_cart", "args": {"product_id": "PROD1", "quantity": 1}, "timestamp_start": 1790618287.5518742, "timestamp_end": 1790618287.5518742}}
{"room": "replay-ecommerce_08-ea5794", "call": {"function": "search_products", "args": {"query": "mechanical keyboard", "max_price": 200.0}, "timestamp_start": 1790618299.0663197, "timestamp_end": 1790618299.0663197}}
{"room": "replay-ecommerce_08-ea5794", "call": {"function": "add_to_cart", "args": {"product_id": "PROD1", "quantity": 1}, "timestamp_start": 1790618299.593329, "timestamp_end": 1790618299.593329}}
{"room": "replay-ecommerce_09-7d7f09", "call": {"function": "search_products", "args": {"query": "hiking boots"}, "timestamp_start": 1790618310.744754, "timestamp_end": 1790618310.744754}}
{"room": "replay-ecommerce_10-7baab8", "call": {"function": "track_order", "args": {"order_id": "1-2-3-A-B-C"}, "timestamp_start": 1790618322.1232188, "timestamp_end": 1790618322.1232188}}
{"room": "replay-ecommerce_10-7baab8", "call": {"function": "search_products", "args": {"query": "winter jackets", "max_price": 150.0}, "timestamp_start": 1790618322.7428687, "timestamp_end": 1790618322.7428687}}
{"room": "replay-ecommerce_11-24a632", "call": {"function": "add_to_cart", "args": {"product_id": "B7", "quantity": 1}, "timestamp_start": 1790618333.8795042, "timestamp_end": 1790618333.8795042}}
{"room": "replay-ecommerce_12-9bc6ca", "call": {"function": "search_products", "args": {"query": "electronics"}, "timestamp_start": 1790618345.266607, "timestamp_end": 1790618345.266607}}
{"room": "replay-ecommerce_13-f6a038", "call": {"function": "add_to_cart", "args": {"product_id": "K2", "quantity": 1}, "timestamp_start": 1790618356.4400275, "timestamp_end": 1790618356.4400275}}
{"room": "replay-ecommerce_13-f6a038", "call": {"function": "track_order", "args": {"order_id": "D-E-L-I-V"}, "timestamp_start": 1790618356.7970586, "timestamp_end": 1790618356.7970586}}
{"room": "replay-ecommerce_13-904cd6", "call": {"function": "add_to_cart", "args": {"product_id": "K2", "quantity": 1}, "timestamp_start": 1790618368.9646938, "timestamp_end": 1790618368.9646938}}
{"room": "replay-ecommerce_13-904cd6", "call": {"function": "track_order", "args": {"order_id": "D-E-L-I-V"}, "timestamp_start": 1790618369.1537719, "timestamp_end": 1790618369.1537719}}
{"room": "replay-ecommerce_14-064433", "call": {"function": "add_to_cart", "args": {"product_id": "P52", "quantity": 2}, "timestamp_start": 1790618380.543163, "timestamp_end": 1790618380.543163}}
{"room": "replay-ecommerce_14-42cf5f", "call": {"function": "add_to_cart", "args": {"product_id": "P52", "quantity": 2}, "timestamp_start": 1790618391.6462042, "timestamp_end": 1790618391.6462042}}
{"room": "replay-ecommerce_15-252e7a", "call": {"function": "track_order", "args": {"order_id": "BOB12"}, "timestamp_start": 1790618402.752211, "timestamp_end": 1790618402.752211}}
{"room": "replay-ecommerce_15-625d9c", "call": {"function": "track_order", "args": {"order_id": "BOB12"}, "timestamp_start": 1790618414.871356, "timestamp_end": 1790618414.871356}}
{"room": "replay-ecommerce_16-d4b03d", "call": {"function": "search_products", "args": {"query": "coffee maker", "max_price": 50.0}, "timestamp_start": 1790618425.9269843, "timestamp_end": 1790618425.9269843}}
{"room": "replay-ecommerce_16-d4b03d", "call": {"function": "add_to_cart", "args": {"product_id": "PROD1", "quantity": 1}, "timestamp_start": 1790618426.8126838, "timestamp_end": 1790618426.8126838}}
{"room": "replay-ecommerce_17-343345", "call": {"function": "track_order", "args": {"order_id": "GG5"}, "timestamp_start": 1790618437.8583646, "timestamp_end": 1790618437.8583646}}
{"room": "replay-ecommerce_18-62235e", "call": {"function": "search_products", "args": {"query": "gaming mouse"}, "timestamp_start": 1790618449.2161195, "timestamp_end": 1790618449.2161195}}
{"room": "replay-ecommerce_18-62235e", "call": {"function": "add_to_cart", "args": {"product_id": "PROD1", "quantity": 1}, "timestamp_start": 1790618449.7921178, "timestamp_end": 1790618449.7921178}}
{"room": "replay-ecommerce_18-62235e", "call": {"function": "track_order", "args": {"order_id": "P-O-9-9-9"}, "timestamp_start": 1790618450.3271825, "timestamp_end": 1790618450.3271825}}
{"room": "replay-ecommerce_19-fa2395", "call": {"function": "search_products", "args": {"query": "tablet"}, "timestamp_start": 1790618461.6619322, "timestamp_end": 1790618461.6619322}}
{"room": "replay-ecommerce_19-fa2395", "call": {"function": "add_to_cart", "args": {"product_id": "PROD1", "quantity": 1}, "timestamp_start": 1790618462.3919022, "timestamp_end": 1790618462.3919022}}
{"room": "replay-ecommerce_20-825fdd", "call": {"function": "search_products", "args": {"query": "coffee maker", "max_price": 50.0}, "timestamp_start": 1790618473.6800573, "timestamp_end": 1790618473.6800573}}
{"room": "replay-ecommerce_20-825fdd", "call": {"function": "add_to_cart", "args": {"product_id": "PROD1", "quantity": 2}, "timestamp_start": 1790618474.2060146, "timestamp_end": 1790618474.2060146}}
{"room": "replay-ecommerce_21-460192", "call": {"function": "track_order", "args": {"order_id": "B-O-B"}, "timestamp_start": 1790618485.3674479, "timestamp_end": 1790618485.3674479}}
{"room": "replay-ecommerce_21-460192", "call": {"function": "search_products", "args": {"query": "watch", "max_price": 200.0}, "timestamp_start": 1790618485.9343286, "timestamp_end": 1790618485.9343286}}
{"room": "replay-ecommerce_21-460192", "call": {"function": "add_to_cart", "args": {"product_id": "PROD1", "quantity": 1}, "timestamp_start": 1790618487.1132407, "timestamp_end": 1790618487.1132407}}
{"room": "replay-ecommerce_21-bab6ca", "call": {"function": "track_order", "args": {"order_id": "B-O-B"}, "timestamp_start": 1790618498.3684206, "timestamp_end": 1790618498.3684206}}
{"room": "replay-ecommerce_21-bab6ca", "call": {"function": "search_products", "args": {"query": "watch", "max_price": 200.0}, "timestamp_start": 1790618499.1087797, "timestamp_end": 1790618499.1087797}}
{"room": "replay-ecommerce_23-f697fe", "call": {"function": "track_order", "args": {"order_id": "G-G-5"}, "timestamp_start": 1790618510.5555124, "timestamp_end": 1790618510.5555124}}
{"room": "replay-ecommerce_23-f697fe", "call": {"function": "add_to_cart", "args": {"product_id": "X-1", "quantity": 1}, "timestamp_start": 1790618511.3919613, "timestamp_end": 1790618511.3919613}}
{"room": "replay-ecommerce_25-e684a3", "call": {"function": "track_order", "args": {"order_id": "C-A-T"}, "timestamp_start": 1790618525.0127032, "timestamp_end": 1790618525.0127032}}
{"room": "replay-ecommerce_25-e684a3", "call": {"function": "search_products", "args": {"query": "cat food"}, "timestamp_start": 1790618527.0282538, "timestamp_end": 1790618527.0282538}}
{"room": "replay-ecommerce_25-e684a3", "call": {"function": "add_to_cart", "args": {"product_id": "PROD1", "quantity": 3}, "timestamp_start": 1790618527.6045742, "timestamp_end": 1790618527.6045742}}
{"room": "replay-ecommerce_25-4b1d76", "call": {"function": "track_order", "args": {"order_id": "C-A-T"}, "timestamp_start": 1790618539.537312, "timestamp_end": 1790618539.537312}}
{"room": "replay-ecommerce_25-4b1d76", "call": {"function": "search_products", "args": {"query": "cat food"}, "timestamp_start": 1790618540.6634521, "timestamp_end": 1790618540.6634521}}
{"room": "replay-ecommerce_25-4b1d76", "call": {"function": "add_to_cart", "args": {"product_id": "PROD1", "quantity": 3}, "timestamp_start": 1790618541.1654623, "timestamp_end": 1790618541.1654623}}
{"room": "replay-finance_01-f891dc", "call": {"function": "get_exchange_rate", "args": {"amount": 500.0, "from_currency": "USD", "to_currency": "EUR"}, "timestamp_start": 1790618552.4224665, "timestamp_end": 1790618552.4224665}}
{"room": "replay-finance_01-898a00", "call": {"function": "get_exchange_rate", "args": {"amount": 500.0, "from_currency": "USD", "to_currency": "EUR"}, "timestamp_start": 1790618563.8010194, "timestamp_end": 1790618563.8010194}}
{"room": "replay-finance_02-58e921", "call": {"function": "get_card_benefits", "args": {"card_type": "platinum"}, "timestamp_start": 1790618576.9559574, "timestamp_end": 1790618576.9559574}}
{"room": "replay-finance_03-fde386", "call": {"function": "modify_autopay", "args": {"bill_type": "mortgage", "source_account": "savings"}, "timestamp_start": 1790618588.705456, "timestamp_end": 1790618588.705456}}
{"room": "replay-finance_03-50914e", "call": {"function": "modify_autopay", "args": {"bill_type": "mortgage", "source_account": "savings"}, "timestamp_start": 1790618599.6650884, "timestamp_end": 1790618599.6650884}}
{"room": "replay-finance_04-b5eb76", "call": {"function": "get_exchange_rate", "args": {"amount": 1000.0, "from_currency": "USD", "to_currency": "GBP"}, "timestamp_start": 1790618611.1202557, "timestamp_end": 1790618611.1212556}}
{"room": "replay-finance_06-f3b344", "call": {"function": "get_card_benefits", "args": {"card_type": "travel"}, "timestamp_start": 1790618624.0928752, "timestamp_end": 1790618624.0928752}}
{"room": "replay-finance_07-556913", "call": {"function": "modify_autopay", "args": {"bill_type": "mortgage", "source_account": "savings"}, "timestamp_start": 1790618636.2848308, "timestamp_end": 1790618636.2848308}}
{"room": "replay-finance_07-5cff6e", "call": {"function": "modify_autopay", "args": {"bill_type": "mortgage", "source_account": "savings"}, "timestamp_start": 1790618647.5306199, "timestamp_end": 1790618647.5306199}}
{"room": "replay-finance_08-edce7a", "call": {"function": "get_exchange_rate", "args": {"amount": 200.0, "from_currency": "EUR", "to_currency": "USD"}, "timestamp_start": 1790618658.882127, "timestamp_end": 1790618658.882127}}
{"room": "replay-finance_08-671f23", "call": {"function": "get_exchange_rate", "args": {"amount": 200.0, "from_currency": "EUR", "to_currency": "USD"}, "timestamp_start": 1790618670.1600382, "timestamp_end": 1790618670.1600382}}
{"room": "replay-finance_10-baf1e3", "call": {"function": "get_card_benefits", "args": {"card_type": "travel"}, "timestamp_start": 1790618681.132422, "timestamp_end": 1790618681.132422}}
{"room": "replay-finance_10-baf1e3", "call": {"function": "get_exchange_rate", "args": {"amount": 200.0, "from_currency": "GBP", "to_currency": "JPY"}, "timestamp_start": 1790618682.8705065, "timestamp_end": 1790618682.8705065}}
{"room": "replay-finance_11-fdbfb9", "call": {"function": "modify_autopay", "args": {"bill_type": "credit_card", "source_account": "savings"}, "timestamp_start": 1790618694.197717, "timestamp_end": 1790618694.197717}}
{"room": "replay-finance_12-3c9a59", "call": {"function": "get_exchange_rate", "args": {"amount": 150.0, "from_currency": "EUR", "to_currency": "USD"}, "timestamp_start": 1790618705.5522974, "timestamp_end": 1790618705.5522974}}
{"room": "replay-finance_12-499a02", "call": {"function": "get_exchange_rate", "args": {"amount": 150.0, "from_currency": "EUR", "to_currency": "USD"}, "timestamp_start": 1790618716.8531168, "timestamp_end": 1790618716.8531168}}
{"room": "replay-finance_14-5820e5", "call": {"function": "get_exchange_rate", "args": {"amount": 50.0, "from_currency": "USD", "to_currency": "EUR"}, "timestamp_start": 1790618728.3668997, "timestamp_end": 1790618728.3668997}}
{"room": "replay-finance_14-5820e5", "call": {"function": "get_exchange_rate", "args": {"amount": 100.0, "from_currency": "CAD", "to_currency": "USD"}, "timestamp_start": 1790618728.879035, "timestamp_end": 1790618728.879035}}
{"room": "replay-finance_15-afb2cb", "call": {"function": "modify_autopay", "args": {"bill_type": "mortgage", "source_account": "savings"}, "timestamp_start": 1790618740.1537528, "timestamp_end": 1790618740.1537528}}
{"room": "replay-finance_16-952c57", "call": {"function": "get_exchange_rate", "args": {"amount": 500.0, "from_currency": "JPY", "to_currency": "USD"}, "timestamp_start": 1790618751.3438735, "timestamp_end": 1790618751.3438735}}
{"room": "replay-finance_17-14668a", "call": {"function": "get_card_benefits", "args": {"card_type": "gold"}, "timestamp_start": 1790618763.349319, "timestamp_end": 1790618763.349319}}
{"room": "replay-finance_18-cf5fc5", "call": {"function": "get_exchange_rate", "args": {"amount": 1000.0, "from_currency": "USD", "to_currency": "EUR"}, "timestamp_start": 1790618774.7153718, "timestamp_end": 1790618774.7153718}}
{"room": "replay-finance_18-cf5fc5", "call": {"function": "modify_autopay", "args": {"bill_type": "credit_card", "source_account": "savings"}, "timestamp_start": 1790618775.8283887, "timestamp_end": 1790618775.8283887}}
{"room": "replay-finance_18-cf5fc5", "call": {"function": "get_card_benefits", "args": {"card_type": "premium"}, "timestamp_start": 1790618776.0579097, "timestamp_end": 1790618776.0579097}}
{"room": "replay-finance_19-919fad", "call": {"function": "get_exchange_rate", "args": {"amount": 300.0, "from_currency": "EUR", "to_currency": "GBP"}, "timestamp_start": 1790618787.7139196, "timestamp_end": 1790618787.7139196}}
{"room": "replay-finance_20-d4cf10", "call": {"function": "get_exchange_rate", "args": {"amount": 1000.0, "from_currency": "USD", "to_currency": "EUR"}, "timestamp_start": 1790618799.1205988, "timestamp_end": 1790618799.1205988}}
{"room": "replay-finance_20-d4cf10", "call": {"function": "modify_autopay", "args": {"bill_type": "mortgage", "source_account": "checking"}, "timestamp_start": 1790618799.828798, "timestamp_end": 1790618799.828798}}
{"room": "replay-finance_21-764c15", "call": {"function": "get_card_benefits", "args": {"card_type": "gold"}, "timestamp_start": 1790618811.2237115, "timestamp_end": 1790618811.2237115}}
{"room": "replay-finance_21-764c15", "call": {"function": "get_exchange_rate", "args": {"amount": 500.0, "from_currency": "USD", "to_currency": "JPY"}, "timestamp_start": 1790618811.8898098, "timestamp_end": 1790618811.8898098}}
{"room": "replay-finance_22-fb2e4f", "call": {"function": "modify_autopay", "args": {"bill_type": "mortgage", "source_account": "savings"}, "timestamp_start": 1790618823.5406768, "timestamp_end": 1790618823.5406768}}
{"room": "replay-finance_22-fb2e4f", "call": {"function": "modify_autopay", "args": {"bill_type": "credit_card", "source_account": "checking"}, "timestamp_start": 1790618825.1347823, "timestamp_end": 1790618825.1347823}}
{"room": "replay-finance_23-1f58f8", "call": {"function": "modify_autopay", "args": {"bill_type": "mortgage", "source_account": "savings"}, "timestamp_start": 1790618837.0135317, "timestamp_end": 1790618837.0135317}}
{"room": "replay-housing_01-b857d0", "call": {"function": "search_apartments", "args": {"city": "Seattle", "bedrooms": 2, "max_price": 2500.0}, "timestamp_start": 1790618848.2666793, "timestamp_end": 1790618848.9172237}}
{"room": "replay-housing_02-8a038c", "call": {"function": "calculate_commute", "args": {"origin_address": "101 Main Street", "destination_address": "Downtown Office", "mode": "driving"}, "timestamp_start": 1790618861.073621, "timestamp_end": 1790618861.854934}}
{"room": "replay-housing_03-a1234f", "call": {"function": "update_search_filter", "args": {"filter_name": "max_price", "value": "1800"}, "timestamp_start": 1790618873.3898249, "timestamp_end": 1790618873.461313}}
{"room": "replay-housing_04-39b679", "call": {"function": "search_apartments", "args": {"city": "Denver", "bedrooms": 1, "max_price": 2000.0}, "timestamp_start": 1790618884.508896, "timestamp_end": 1790618885.035296}}
{"room": "replay-housing_05-194276", "call": {"function": "search_apartments", "args": {"city": "Miami", "bedrooms": 1, "max_price": 1500.0}, "timestamp_start": 1790618896.5049052, "timestamp_end": 1790618897.1654577}}
{"room": "replay-housing_05-425f1f", "call": {"function": "search_apartments", "args": {"city": "Miami", "bedrooms": 1, "max_price": 1500.0}, "timestamp_start": 1790618908.4500299, "timestamp_end": 1790618908.702145}}
{"room": "replay-housing_06-334b41", "call": {"function": "calculate_commute", "args": {"origin_address": "Oak Street", "destination_address": "Gym", "mode": "walking"}, "timestamp_start": 1790618923.118746, "timestamp_end": 1790618923.3901954}}
{"room": "replay-housing_08-199676", "call": {"function": "update_search_filter", "args": {"filter_name": "pet_friendly", "value": "true"}, "timestamp_start": 1790618934.824376, "timestamp_end": 1790618934.905603}}
{"room": "replay-housing_09-1acb02", "call": {"function": "search_apartments", "args": {"city": "Chicago", "bedrooms": 2, "max_price": 2000.0}, "timestamp_start": 1790618946.371116, "timestamp_end": 1790618947.1250603}}
{"room": "replay-housing_10-d04508", "call": {"function": "calculate_commute", "args": {"origin_address": "500 Central Ave", "destination_address": "University", "mode": "driving"}, "timestamp_start": 1790618959.503532, "timestamp_end": 1790618960.247321}}
{"room": "replay-housing_10-d04508", "call": {"function": "update_search_filter", "args": {"filter_name": "neighborhood", "value": "Northside"}, "timestamp_start": 1790618960.9936948, "timestamp_end": 1790618961.160466}}
{"room": "replay-housing_11-44f2a8", "call": {"function": "search_apartments", "args": {"city": "Seattle", "bedrooms": 2, "max_price": 1600.0}, "timestamp_start": 1790618972.7447338, "timestamp_end": 1790618973.2040057}}
{"room": "replay-housing_13-3fdc7b", "call": {"function": "update_search_filter", "args": {"filter_name": "max_price", "value": "3000"}, "timestamp_start": 1790618985.9148223, "timestamp_end": 1790618986.1002438}}
{"room": "replay-housing_13-3fdc7b", "call": {"function": "update_search_filter", "args": {"filter_name": "bedrooms", "value": "3"}, "timestamp_start": 1790618987.0603566, "timestamp_end": 1790618987.215793}}
{"room": "replay-housing_14-66f8de", "call": {"function": "search_apartments", "args": {"city": "Portland", "bedrooms": 1, "max_price": 1800.0}, "timestamp_start": 1790618998.9055948, "timestamp_end": 1790618999.5625741}}
{"room": "replay-housing_14-1d8201", "call": {"function": "search_apartments", "args": {"city": "Portland", "bedrooms": 1, "max_price": 1800.0}, "timestamp_start": 1790619010.9272337, "timestamp_end": 1790619011.5349193}}
{"room": "replay-housing_15-756b8b", "call": {"function": "search_apartments", "args": {"city": "Atlanta", "bedrooms": 3, "max_price": 2500.0}, "timestamp_start": 1790619023.7210338, "timestamp_end": 1790619024.1474502}}
{"room": "replay-housing_15-9f9c6e", "call": {"function": "search_apartments", "args": {"city": "Atlanta", "bedrooms": 3, "max_price": 2500.0}, "timestamp_start": 1790619035.9157834, "timestamp_end": 1790619036.2761614}}
{"room": "replay-housing_17-a480a5", "call": {"function": "calculate_commute", "args": {"origin_address": "my house", "destination_address": "the office", "mode": "driving"}, "timestamp_start": 1790619047.4230902, "timestamp_end": 1790619047.7777512}}
{"room": "replay-housing_17-5ae511", "call": {"function": "calculate_commute", "args": {"origin_address": "my house", "destination_address": "the office", "mode": "driving"}, "timestamp_start": 1790619059.6394246, "timestamp_end": 1790619060.0681093}}
{"room": "replay-housing_18-8ae500", "call": {"function": "search_apartments", "args": {"city": "Portland", "bedrooms": 1, "max_price": 1800.0}, "timestamp_start": 1790619071.5715165, "timestamp_end": 1790619071.9488666}}
{"room": "replay-housing_18-8ae500", "call": {"function": "calculate_commute", "args": {"origin_address": "APT1", "destination_address": "coffee shop on 5th Street", "mode": "biking"}, "timestamp_start": 1790619073.7565365, "timestamp_end": 1790619074.4909189}}
{"room": "replay-housing_19-07510a", "call": {"function": "calculate_commute", "args": {"origin_address": "my house", "destination_address": "the gym", "mode": "driving"}, "timestamp_start": 1790619086.112914, "timestamp_end": 1790619086.6063342}}
{"room": "replay-housing_20-9f3588", "call": {"function": "search_apartments", "args": {"city": "Austin", "bedrooms": 1, "max_price": 2000.0}, "timestamp_start": 1790619097.9602516, "timestamp_end": 1790619098.6886868}}
{"room": "replay-housing_20-9f3588", "call": {"function": "calculate_commute", "args": {"origin_address": "my office", "destination_address": "APT1", "mode": "driving"}, "timestamp_start": 1790619099.4317102, "timestamp_end": 1790619100.0115886}}
{"room": "replay-housing_20-9f3588", "call": {"function": "search_apartments", "args": {"city": "Austin", "bedrooms": 1, "max_price": 2500.0}, "timestamp_start": 1790619100.5805485, "timestamp_end": 1790619100.842318}}
{"room": "replay-housing_21-23a020", "call": {"function": "search_apartments", "args": {"city": "my place", "bedrooms": 3, "max_price": 0.0}, "timestamp_start": 1790619112.4649906, "timestamp_end": 1790619112.9138355}}
{"room": "replay-housing_21-23a020", "call": {"function": "calculate_commute", "args": {"origin_address": "my place", "destination_address": "train station", "mode": "walking"}, "timestamp_start": 1790619113.8397498, "timestamp_end": 1790619114.400414}}
{"room": "replay-housing_22-0a71f1", "call": {"function": "update_search_filter", "args": {"filter_name": "pets_allowed", "value": "true"}, "timestamp_start": 1790619126.2146485, "timestamp_end": 1790619126.4135778}}
{"room": "replay-housing_24-01c17c", "call": {"function": "update_search_filter", "args": {"filter_name": "max_price", "value": "1500"}, "timestamp_start": 1790619145.6927824, "timestamp_end": 1790619145.7868748}}
{"room": "replay-housing_24-01c17c", "call": {"function": "search_apartments", "args": {"city": "Dallas", "bedrooms": 1, "max_price": 1500.0}, "timestamp_start": 1790619146.6144762, "timestamp_end": 1790619147.2487023}}
{"room": "replay-housing_24-01c17c", "call": {"function": "calculate_commute", "args": {"origin_address": "APT1", "destination_address": "grocery store", "mode": "driving"}, "timestamp_start": 1790619147.9475136, "timestamp_end": 1790619148.6417584}}
{"room": "replay-housing_24-84f389", "call": {"function": "update_search_filter", "args": {"filter_name": "max_price", "value": "1500"}, "timestamp_start": 1790619161.2696173, "timestamp_end": 1790619161.3787997}}
{"room": "replay-housing_24-84f389", "call": {"function": "search_apartments", "args": {"city": "Dallas", "bedrooms": 1, "max_price": 1500.0}, "timestamp_start": 1790619162.6526628, "timestamp_end": 1790619163.3024707}}
{"room": "replay-housing_24-84f389", "call": {"function": "calculate_commute", "args": {"origin_address": "APT1", "destination_address": "grocery store", "mode": "driving"}, "timestamp_start": 1790619164.5498374, "timestamp_end": 1790619165.119207}}
{"room": "replay-housing_25-181ed3", "call": {"function": "update_search_filter", "args": {"filter_name": "pets", "value": "allowed"}, "timestamp_start": 1790619176.5514328, "timestamp_end": 1790619176.6449916}}
{"room": "replay-housing_25-181ed3", "call": {"function": "update_search_filter", "args": {"filter_name": "max_price", "value": "3500"}, "timestamp_start": 1790619177.3235517, "timestamp_end": 1790619177.5012872}}
{"room": "replay-travel_01-99c7a1", "call": {"function": "search_flights", "args": {"destination": "Tokyo", "date": "July 15"}, "timestamp_start": 1790619215.936256, "timestamp_end": 1790619216.1588173}}
{"room": "replay-travel_02-712964", "call": {"function": "update_identity_doc", "args": {"doc_type": "passport", "doc_number": "P88990011"}, "timestamp_start": 1790619229.6131122, "timestamp_end": 1790619229.6131122}}
{"room": "replay-travel_03-78898f", "call": {"function": "search_flights", "args": {"destination": "London", "date": "2026-08-20"}, "timestamp_start": 1790619274.5789804, "timestamp_end": 1790619274.9047477}}
{"room": "replay-travel_03-1b8807", "call": {"function": "search_flights", "args": {"destination": "London", "date": "2026-08-20"}, "timestamp_start": 1790619333.1471448, "timestamp_end": 1790619333.763927}}
{"room": "replay-travel_05-8c141b", "call": {"function": "search_flights", "args": {"destination": "Chicago", "date": "2026-12-12"}, "timestamp_start": 1790619395.8273685, "timestamp_end": 1790619396.221748}}
{"room": "replay-travel_07-9b7cd3", "call": {"function": "update_identity_doc", "args": {"doc_type": "id_card", "doc_number": "D-L-5-5-5"}, "timestamp_start": 1790619474.8004584, "timestamp_end": 1790619474.8004584}}
{"room": "replay-travel_07-3cccac", "call": {"function": "update_identity_doc", "args": {"doc_type": "driver_license", "doc_number": "DL555"}, "timestamp_start": 1790619541.3450036, "timestamp_end": 1790619541.3450036}}
{"room": "replay-travel_08-b24ffb", "call": {"function": "search_flights", "args": {"destination": "Seattle", "date": "2026-11-01"}, "timestamp_start": 1790619616.0595498, "timestamp_end": 1790619616.813026}}
{"room": "replay-travel_19-b495dd", "call": {"function": "search_flights", "args": {"destination": "Milan", "date": "June 3"}, "timestamp_start": 1790619880.2729113, "timestamp_end": 1790619880.9829204}}
{"room": "replay-travel_20-55bbd4", "call": {"function": "search_flights", "args": {"destination": "Toronto", "date": "July 20"}, "timestamp_start": 1790619897.5312543, "timestamp_end": 1790619898.0550356}}
{"room": "replay-travel_21-2c79f5", "call": {"function": "search_flights", "args": {"destination": "Vegas", "date": "2026-08-08"}, "timestamp_start": 1790619930.7212708, "timestamp_end": 1790619930.983211}}
