OneLogger: Setting error_handling_strategy to DISABLE_QUIETLY_AND_REPORT_METRIC_ERROR for rank (rank=0) with OneLogger disabled. To override: explicitly set error_handling_strategy parameter.
No exporters were provided. This means that no telemetry data will be collected.
🚀 Batch evaluation started (released layout)
🤖 Provider: interject_groq_smoke
📁 Root Dir: D:\Samsung_Hackathon\interjectsamsung\results\fdb_v3\interject_groq_smoke-20260929-013455\subset-data
📋 Loaded 100 scenarios from benchmark_data_v2.json
🔊 Loading ASR model...
🔊 Loading ASR model (no CUDA device: running on CPU)...
[NeMo I 2026-09-29 01:35:24 mixins:194] Tokenizer SentencePieceTokenizer initialized with 1024 tokens
[NeMo W 2026-09-29 01:35:25 modelPT:175] If you intend to do training or fine-tuning, please call the ModelPT.setup_training_data() method and provide a valid configuration file to setup the train data loader.
    Train config : 
    use_lhotse: true
    skip_missing_manifest_entries: true
    input_cfg: null
    tarred_audio_filepaths: null
    manifest_filepath: null
    sample_rate: 16000
    shuffle: true
    num_workers: 2
    pin_memory: true
    max_duration: 40.0
    min_duration: 0.1
    text_field: answer
    batch_duration: null
    use_bucketing: true
    bucket_duration_bins: null
    bucket_batch_size: null
    num_buckets: 30
    bucket_buffer_size: 20000
    shuffle_buffer_size: 10000
    
[NeMo W 2026-09-29 01:35:25 modelPT:182] If you intend to do validation, please call the ModelPT.setup_validation_data() or ModelPT.setup_multiple_validation_data() method and provide a valid configuration file to setup the validation data loader(s). 
    Validation config : 
    use_lhotse: true
    manifest_filepath: null
    sample_rate: 16000
    batch_size: 16
    shuffle: false
    max_duration: 40.0
    min_duration: 0.1
    num_workers: 2
    pin_memory: true
    text_field: answer
    
[NeMo I 2026-09-29 01:35:29 rnnt_models:226] Using RNNT Loss : tdt
    Loss tdt_kwargs: {'fastemit_lambda': 0.0, 'clamp': -1.0, 'durations': [0, 1, 2, 3, 4], 'sigma': 0.02, 'omega': 0.1}
[NeMo I 2026-09-29 01:35:29 rnnt_models:226] Using RNNT Loss : tdt
    Loss tdt_kwargs: {'fastemit_lambda': 0.0, 'clamp': -1.0, 'durations': [0, 1, 2, 3, 4], 'sigma': 0.02, 'omega': 0.1}
[NeMo W 2026-09-29 01:35:29 label_looping_base:143] No conditional node support for Cuda.
    Cuda graphs with while loops are disabled, decoding speed will be slower
    Reason: CUDA is not available
[NeMo I 2026-09-29 01:35:29 rnnt_models:226] Using RNNT Loss : tdt
    Loss tdt_kwargs: {'fastemit_lambda': 0.0, 'clamp': -1.0, 'durations': [0, 1, 2, 3, 4], 'sigma': 0.02, 'omega': 0.1}
[NeMo W 2026-09-29 01:35:29 label_looping_base:143] No conditional node support for Cuda.
    Cuda graphs with while loops are disabled, decoding speed will be slower
    Reason: CUDA is not available
[NeMo I 2026-09-29 01:35:31 save_restore_connector:287] Model EncDecRNNTBPEModel was successfully restored from C:\Users\Asus\.cache\huggingface\hub\models--nvidia--parakeet-tdt-0.6b-v2\snapshots\ae9ad07059c7c739ffaf932226a8fe64ae2620b0\parakeet-tdt-0.6b-v2.nemo.
✅ ASR model loaded
✅ ASR model loaded
📋 Merged 3 per-folder metadata.json entries → 100 total
📂 Found 3 input.wav files

[1/3] Processing Speaker=65e8cf8f... Example=ecommerce_01...
  🚀 Running LiveKit inference with provider=interject_groq_smoke...
  🔗 Streaming via livekit_inference.py into room: eval-e0e4ebab
  ✅ livekit_inference.py finished successfully.
  🗣️  Running ASR on input audio...
[NeMo I 2026-09-29 01:36:22 rnnt_models:296] Timestamps requested, setting decoding timestamps to True. Capture them in Hypothesis object,                         with output[0][idx].timestep['word'/'segment'/'char']
[NeMo I 2026-09-29 01:36:22 rnnt_models:226] Using RNNT Loss : tdt
    Loss tdt_kwargs: {'fastemit_lambda': 0.0, 'clamp': -1.0, 'durations': [0, 1, 2, 3, 4], 'sigma': 0.02, 'omega': 0.1}
[NeMo W 2026-09-29 01:36:22 label_looping_base:143] No conditional node support for Cuda.
    Cuda graphs with while loops are disabled, decoding speed will be slower
    Reason: CUDA is not available
[NeMo W 2026-09-29 01:36:22 dataloader:881] The following configuration keys are ignored by Lhotse dataloader: use_start_end_token
[NeMo W 2026-09-29 01:36:22 dataloader:533] You are using a non-tarred dataset and requested tokenization during data sampling (pretokenize=True). This will cause the tokenization to happen in the main (GPU) process,possibly impacting the training speed if your tokenizer is very large.If the impact is noticable, set pretokenize=False in dataloader config.(note: that will disable token-per-second filtering and 2D bucketing features)
Transcribing: 0it [00:00, ?it/s][NeMo W 2026-09-29 01:36:22 nemo_logging:364] D:\Samsung_Hackathon\interjectsamsung\server\.venv-fdb\Lib\site-packages\torch\utils\data\dataloader.py:759: UserWarning: 'pin_memory' argument is set as true but no accelerator is found, then device pinned memory won't be used.
      super().__init__(loader)
    
Transcribing: 1it [00:04,  4.21s/it]Transcribing: 1it [00:04,  4.21s/it]
  ⏱️  Measuring latency...
  🗣️  Running ASR on model output...
[NeMo I 2026-09-29 01:36:26 rnnt_models:296] Timestamps requested, setting decoding timestamps to True. Capture them in Hypothesis object,                         with output[0][idx].timestep['word'/'segment'/'char']
[NeMo W 2026-09-29 01:36:26 dataloader:881] The following configuration keys are ignored by Lhotse dataloader: use_start_end_token
[NeMo W 2026-09-29 01:36:26 dataloader:533] You are using a non-tarred dataset and requested tokenization during data sampling (pretokenize=True). This will cause the tokenization to happen in the main (GPU) process,possibly impacting the training speed if your tokenizer is very large.If the impact is noticable, set pretokenize=False in dataloader config.(note: that will disable token-per-second filtering and 2D bucketing features)
Transcribing: 0it [00:00, ?it/s]Transcribing: 1it [00:03,  3.04s/it]Transcribing: 1it [00:03,  3.04s/it]
  📝 Transcript: Your order ABC one two three is currently out for delivery....
  ⏱️  Perceived Latency: 5.36s (Agent Start: 20.64s - User End: 15.280000000000001s)
  💾 Saved: result_interject_groq_smoke.json

[2/3] Processing Speaker=5f4a4da1... Example=ecommerce_02...
  🚀 Running LiveKit inference with provider=interject_groq_smoke...
  🔗 Streaming via livekit_inference.py into room: eval-b8ba69f6
  ✅ livekit_inference.py finished successfully.
  🗣️  Running ASR on input audio...
[NeMo I 2026-09-29 01:37:16 rnnt_models:296] Timestamps requested, setting decoding timestamps to True. Capture them in Hypothesis object,                         with output[0][idx].timestep['word'/'segment'/'char']
[NeMo W 2026-09-29 01:37:16 dataloader:881] The following configuration keys are ignored by Lhotse dataloader: use_start_end_token
[NeMo W 2026-09-29 01:37:16 dataloader:533] You are using a non-tarred dataset and requested tokenization during data sampling (pretokenize=True). This will cause the tokenization to happen in the main (GPU) process,possibly impacting the training speed if your tokenizer is very large.If the impact is noticable, set pretokenize=False in dataloader config.(note: that will disable token-per-second filtering and 2D bucketing features)
Transcribing: 0it [00:00, ?it/s]Transcribing: 1it [00:03,  3.28s/it]Transcribing: 1it [00:03,  3.28s/it]
  ⏱️  Measuring latency...
  🗣️  Running ASR on model output...
[NeMo I 2026-09-29 01:37:20 rnnt_models:296] Timestamps requested, setting decoding timestamps to True. Capture them in Hypothesis object,                         with output[0][idx].timestep['word'/'segment'/'char']
[NeMo W 2026-09-29 01:37:20 dataloader:881] The following configuration keys are ignored by Lhotse dataloader: use_start_end_token
[NeMo W 2026-09-29 01:37:20 dataloader:533] You are using a non-tarred dataset and requested tokenization during data sampling (pretokenize=True). This will cause the tokenization to happen in the main (GPU) process,possibly impacting the training speed if your tokenizer is very large.If the impact is noticable, set pretokenize=False in dataloader config.(note: that will disable token-per-second filtering and 2D bucketing features)
Transcribing: 0it [00:00, ?it/s]Transcribing: 1it [00:03,  3.79s/it]Transcribing: 1it [00:03,  3.79s/it]
  📝 Transcript: I found wireless headphones for ninety dollars. Let me add one to your cart....
  ⏱️  Perceived Latency: 4.24s (Agent Start: 16.8s - User End: 12.56s)
  💾 Saved: result_interject_groq_smoke.json

[3/3] Processing Speaker=6998abd7... Example=ecommerce_04...
  🚀 Running LiveKit inference with provider=interject_groq_smoke...
  🔗 Streaming via livekit_inference.py into room: eval-cb4b6ec5
  ✅ livekit_inference.py finished successfully.
  🗣️  Running ASR on input audio...
[NeMo I 2026-09-29 01:38:08 rnnt_models:296] Timestamps requested, setting decoding timestamps to True. Capture them in Hypothesis object,                         with output[0][idx].timestep['word'/'segment'/'char']
[NeMo W 2026-09-29 01:38:08 dataloader:881] The following configuration keys are ignored by Lhotse dataloader: use_start_end_token
[NeMo W 2026-09-29 01:38:08 dataloader:533] You are using a non-tarred dataset and requested tokenization during data sampling (pretokenize=True). This will cause the tokenization to happen in the main (GPU) process,possibly impacting the training speed if your tokenizer is very large.If the impact is noticable, set pretokenize=False in dataloader config.(note: that will disable token-per-second filtering and 2D bucketing features)
Transcribing: 0it [00:00, ?it/s]Transcribing: 1it [00:02,  2.74s/it]Transcribing: 1it [00:02,  2.74s/it]
  ⏱️  Measuring latency...
  🗣️  Running ASR on model output...
[NeMo I 2026-09-29 01:38:11 rnnt_models:296] Timestamps requested, setting decoding timestamps to True. Capture them in Hypothesis object,                         with output[0][idx].timestep['word'/'segment'/'char']
[NeMo W 2026-09-29 01:38:11 dataloader:881] The following configuration keys are ignored by Lhotse dataloader: use_start_end_token
[NeMo W 2026-09-29 01:38:11 dataloader:533] You are using a non-tarred dataset and requested tokenization during data sampling (pretokenize=True). This will cause the tokenization to happen in the main (GPU) process,possibly impacting the training speed if your tokenizer is very large.If the impact is noticable, set pretokenize=False in dataloader config.(note: that will disable token-per-second filtering and 2D bucketing features)
Transcribing: 0it [00:00, ?it/s]Transcribing: 1it [00:02,  2.45s/it]Transcribing: 1it [00:02,  2.45s/it]
  📝 Transcript: Your package XYZ eight eight is out for delivery....
  ⏱️  Perceived Latency: 4.88s (Agent Start: 15.36s - User End: 10.48s)
  💾 Saved: result_interject_groq_smoke.json

------------------------------------------------------------
🏁 Batch Evaluation Complete
⏱️  Total Duration: 2.71 minutes
📊 Summary:
   - Total:   3
   - Success: 3
   - Error:   0
   - Skipped: 0
   - Avg First-Speech Latency: 17.70s
   - Avg Perceived Latency:    4.83s
------------------------------------------------------------
